monitoring: work/xsh_t100 work/xsh_t90
interval 1200s, stages: catalog analysis rupture, M>=6.0
================ 2026-08-28 11:32:20 ================
/home/utig5/dliu/EQdyna.2Dcycle/work/xsh_t100_snap: 248 cycles
[work/xsh_t100] 248 events over 3014 yr, Mmax 7.66, M>=6.5: 10  -> work/xsh_t100_snap/aPlots/
/home/utig5/dliu/EQdyna.2Dcycle/work/xsh_t90_snap: 247 cycles
[work/xsh_t90] 247 events over 3616 yr, Mmax 7.53, M>=6.5: 14  -> work/xsh_t90_snap/aPlots/
sleeping 1200s...
================ 2026-08-28 11:52:52 ================
/home/utig5/dliu/EQdyna.2Dcycle/work/xsh_t100_snap: 473 cycles
[work/xsh_t100] 473 events over 3747 yr, Mmax 7.66, M>=6.5: 17  -> work/xsh_t100_snap/aPlots/
/home/utig5/dliu/EQdyna.2Dcycle/work/xsh_t90_snap: 522 cycles
[work/xsh_t90] 522 events over 4175 yr, Mmax 7.53, M>=6.5: 16  -> work/xsh_t90_snap/aPlots/
sleeping 1200s...
================ 2026-08-28 12:15:32 ================
/home/utig5/dliu/EQdyna.2Dcycle/work/xsh_t100_snap: 750 cycles
[work/xsh_t100] 750 events over 4174 yr, Mmax 7.66, M>=6.5: 24  -> work/xsh_t100_snap/aPlots/
/home/utig5/dliu/EQdyna.2Dcycle/work/xsh_t90_snap: 758 cycles
[work/xsh_t90] 758 events over 4937 yr, Mmax 7.57, M>=6.5: 21  -> work/xsh_t90_snap/aPlots/
sleeping 1200s...
================ 2026-08-28 12:37:16 ================
/home/utig5/dliu/EQdyna.2Dcycle/work/xsh_t100_snap: 971 cycles
[work/xsh_t100] 971 events over 4593 yr, Mmax 7.66, M>=6.5: 40  -> work/xsh_t100_snap/aPlots/
/home/utig5/dliu/EQdyna.2Dcycle/work/xsh_t90_snap: 1022 cycles
[work/xsh_t90] 1022 events over 5786 yr, Mmax 7.57, M>=6.5: 25  -> work/xsh_t90_snap/aPlots/
sleeping 1200s...
================ 2026-08-28 13:00:49 ================
/home/utig5/dliu/EQdyna.2Dcycle/work/xsh_t100_snap: 1247 cycles
[work/xsh_t100] 1247 events over 5259 yr, Mmax 7.66, M>=6.5: 42  -> work/xsh_t100_snap/aPlots/
/home/utig5/dliu/EQdyna.2Dcycle/work/xsh_t90_snap: 1335 cycles
[work/xsh_t90] 1335 events over 6244 yr, Mmax 7.57, M>=6.5: 25  -> work/xsh_t90_snap/aPlots/
sleeping 1200s...
================ 2026-08-28 13:24:57 ================
/home/utig5/dliu/EQdyna.2Dcycle/work/xsh_t100_snap: 1504 cycles
[work/xsh_t100] 1504 events over 5752 yr, Mmax 7.66, M>=6.5: 55  -> work/xsh_t100_snap/aPlots/
/home/utig5/dliu/EQdyna.2Dcycle/work/xsh_t90_snap: 1610 cycles
[work/xsh_t90] 1610 events over 6822 yr, Mmax 7.57, M>=6.5: 34  -> work/xsh_t90_snap/aPlots/
sleeping 1200s...
